// Jest Snapshot v1, https://goo.gl/fbAQLP

exports[`NoteBlock renders correctly with <p> tag 1`] = `
"<ContextMenuTrigger id=\\"1\\" holdToDisplay={1000} attributes={{...}} collect={[Function: collect]} disable={false} renderTag=\\"div\\" posX={0} posY={0} mouseButton={2} disableIfShiftIsPressed={false}>
  <div className=\\"noteblock\\" data-rbd-draggable-context-id=\\"\\" data-rbd-draggable-id=\\"\\" onMouseEnter={[Function: onMouseEnter]} onMouseLeave={[Function: onMouseLeave]}>
    <div className=\\"noteblock-handle-container\\">
      <div className=\\"noteblock-handle\\" />
    </div>
    <ContentEditable className=\\"noteblock-text\\" innerRef={[Function (anonymous)]} html=\\"Hello World!\\" tagName=\\"p\\" onFocus={[Function: onFocus]} onBlur={[Function: onBlur]} placeholder=\\"\\" onChange={[Function: onChangeHandler]} onKeyDown={[Function: onKeydownHandler]} disabled={true} onClick={[Function: onClick]} />
    <ContextMenuElement context=\\"Block\\" renaming={false} currentName=\\"\\" id=\\"1\\" createHandler={[Function: createHandler]} deleteHandler={[Function: deleteHandler]} updateNameHandler={[Function: updateNameHandler]} />
  </div>
</ContextMenuTrigger>"
`;
