// Jest Snapshot v1, https://goo.gl/fbAQLP

exports[`Loader component loads correctly 1`] = `
<div>
  <div
    class="ui active text loader"
  >
    Loading...
  </div>
</div>
`;
